Analysis & Synthesis report for bluetooth
Mon Oct 07 15:42:18 2019
Quartus Prime Version 18.1.0 Build 625 09/12/2018 SJ Standard Edition


---------------------
; Table of Contents ;
---------------------
  1. Legal Notice
  2. Analysis & Synthesis Summary
  3. Analysis & Synthesis Settings
  4. Parallel Compilation
  5. Analysis & Synthesis Source Files Read
  6. Analysis & Synthesis Resource Usage Summary
  7. Analysis & Synthesis Resource Utilization by Entity
  8. State Machine - |Top|UART_rs232_rx:I_RS232RX|State
  9. Registers Removed During Synthesis
 10. Removed Registers Triggering Further Register Optimizations
 11. General Register Statistics
 12. Inverted Register Statistics
 13. Multiplexer Restructuring Statistics (Restructuring Performed)
 14. Parameter Settings for User Entity Instance: UART_rs232_rx:I_RS232RX
 15. Parameter Settings for User Entity Instance: UART_rs232_tx:I_RS232TX
 16. Port Connectivity Checks: "UART_baudrate_generator:I_BAUDGEN"
 17. Port Connectivity Checks: "UART_rs232_tx:I_RS232TX"
 18. Port Connectivity Checks: "UART_rs232_rx:I_RS232RX"
 19. Post-Synthesis Netlist Statistics for Top Partition
 20. Elapsed Time Per Partition
 21. Analysis & Synthesis Messages



----------------
; Legal Notice ;
----------------
Copyright (C) 2018  Intel Corporation. All rights reserved.
Your use of Intel Corporation's design tools, logic functions 
and other software and tools, and its AMPP partner logic 
functions, and any output files from any of the foregoing 
(including device programming or simulation files), and any 
associated documentation or information are expressly subject 
to the terms and conditions of the Intel Program License 
Subscription Agreement, the Intel Quartus Prime License Agreement,
the Intel FPGA IP License Agreement, or other applicable license
agreement, including, without limitation, that your use is for
the sole purpose of programming logic devices manufactured by
Intel and sold by Intel or its authorized distributors.  Please
refer to the applicable agreement for further details.



+-----------------------------------------------------------------------------------+
; Analysis & Synthesis Summary                                                      ;
+---------------------------------+-------------------------------------------------+
; Analysis & Synthesis Status     ; Successful - Mon Oct 07 15:42:18 2019           ;
; Quartus Prime Version           ; 18.1.0 Build 625 09/12/2018 SJ Standard Edition ;
; Revision Name                   ; bluetooth                                       ;
; Top-level Entity Name           ; Top                                             ;
; Family                          ; Cyclone V                                       ;
; Logic utilization (in ALMs)     ; N/A                                             ;
; Total registers                 ; 57                                              ;
; Total pins                      ; 12                                              ;
; Total virtual pins              ; 0                                               ;
; Total block memory bits         ; 0                                               ;
; Total DSP Blocks                ; 0                                               ;
; Total HSSI RX PCSs              ; 0                                               ;
; Total HSSI PMA RX Deserializers ; 0                                               ;
; Total HSSI TX PCSs              ; 0                                               ;
; Total HSSI PMA TX Serializers   ; 0                                               ;
; Total PLLs                      ; 0                                               ;
; Total DLLs                      ; 0                                               ;
+---------------------------------+-------------------------------------------------+


+---------------------------------------------------------------------------------------------------------------------------+
; Analysis & Synthesis Settings                                                                                             ;
+---------------------------------------------------------------------------------+--------------------+--------------------+
; Option                                                                          ; Setting            ; Default Value      ;
+---------------------------------------------------------------------------------+--------------------+--------------------+
; Device                                                                          ; 5CSEBA6U23I7       ;                    ;
; Top-level entity name                                                           ; Top                ; bluetooth          ;
; Family name                                                                     ; Cyclone V          ; Cyclone V          ;
; Use smart compilation                                                           ; Off                ; Off                ;
; Enable parallel Assembler and Timing Analyzer during compilation                ; On                 ; On                 ;
; Enable compact report table                                                     ; Off                ; Off                ;
; Restructure Multiplexers                                                        ; Auto               ; Auto               ;
; MLAB Add Timing Constraints For Mixed-Port Feed-Through Mode Setting Don't Care ; Off                ; Off                ;
; Create Debugging Nodes for IP Cores                                             ; Off                ; Off                ;
; Preserve fewer node names                                                       ; On                 ; On                 ;
; Intel FPGA IP Evaluation Mode                                                   ; Enable             ; Enable             ;
; Verilog Version                                                                 ; Verilog_2001       ; Verilog_2001       ;
; VHDL Version                                                                    ; VHDL_1993          ; VHDL_1993          ;
; State Machine Processing                                                        ; Auto               ; Auto               ;
; Safe State Machine                                                              ; Off                ; Off                ;
; Extract Verilog State Machines                                                  ; On                 ; On                 ;
; Extract VHDL State Machines                                                     ; On                 ; On                 ;
; Ignore Verilog initial constructs                                               ; Off                ; Off                ;
; Iteration limit for constant Verilog loops                                      ; 5000               ; 5000               ;
; Iteration limit for non-constant Verilog loops                                  ; 250                ; 250                ;
; Add Pass-Through Logic to Inferred RAMs                                         ; On                 ; On                 ;
; Infer RAMs from Raw Logic                                                       ; On                 ; On                 ;
; Parallel Synthesis                                                              ; On                 ; On                 ;
; DSP Block Balancing                                                             ; Auto               ; Auto               ;
; NOT Gate Push-Back                                                              ; On                 ; On                 ;
; Power-Up Don't Care                                                             ; On                 ; On                 ;
; Remove Redundant Logic Cells                                                    ; Off                ; Off                ;
; Remove Duplicate Registers                                                      ; On                 ; On                 ;
; Ignore CARRY Buffers                                                            ; Off                ; Off                ;
; Ignore CASCADE Buffers                                                          ; Off                ; Off                ;
; Ignore GLOBAL Buffers                                                           ; Off                ; Off                ;
; Ignore ROW GLOBAL Buffers                                                       ; Off                ; Off                ;
; Ignore LCELL Buffers                                                            ; Off                ; Off                ;
; Ignore SOFT Buffers                                                             ; On                 ; On                 ;
; Limit AHDL Integers to 32 Bits                                                  ; Off                ; Off                ;
; Optimization Technique                                                          ; Balanced           ; Balanced           ;
; Carry Chain Length                                                              ; 70                 ; 70                 ;
; Auto Carry Chains                                                               ; On                 ; On                 ;
; Auto Open-Drain Pins                                                            ; On                 ; On                 ;
; Perform WYSIWYG Primitive Resynthesis                                           ; Off                ; Off                ;
; Auto ROM Replacement                                                            ; On                 ; On                 ;
; Auto RAM Replacement                                                            ; On                 ; On                 ;
; Auto DSP Block Replacement                                                      ; On                 ; On                 ;
; Auto Shift Register Replacement                                                 ; Auto               ; Auto               ;
; Allow Shift Register Merging across Hierarchies                                 ; Auto               ; Auto               ;
; Auto Clock Enable Replacement                                                   ; On                 ; On                 ;
; Strict RAM Replacement                                                          ; Off                ; Off                ;
; Allow Synchronous Control Signals                                               ; On                 ; On                 ;
; Force Use of Synchronous Clear Signals                                          ; Off                ; Off                ;
; Auto Resource Sharing                                                           ; Off                ; Off                ;
; Allow Any RAM Size For Recognition                                              ; Off                ; Off                ;
; Allow Any ROM Size For Recognition                                              ; Off                ; Off                ;
; Allow Any Shift Register Size For Recognition                                   ; Off                ; Off                ;
; Use LogicLock Constraints during Resource Balancing                             ; On                 ; On                 ;
; Ignore translate_off and synthesis_off directives                               ; Off                ; Off                ;
; Timing-Driven Synthesis                                                         ; On                 ; On                 ;
; Report Parameter Settings                                                       ; On                 ; On                 ;
; Report Source Assignments                                                       ; On                 ; On                 ;
; Report Connectivity Checks                                                      ; On                 ; On                 ;
; Ignore Maximum Fan-Out Assignments                                              ; Off                ; Off                ;
; Synchronization Register Chain Length                                           ; 3                  ; 3                  ;
; Power Optimization During Synthesis                                             ; Normal compilation ; Normal compilation ;
; HDL message level                                                               ; Level2             ; Level2             ;
; Suppress Register Optimization Related Messages                                 ; Off                ; Off                ;
; Number of Removed Registers Reported in Synthesis Report                        ; 5000               ; 5000               ;
; Number of Swept Nodes Reported in Synthesis Report                              ; 5000               ; 5000               ;
; Number of Inverted Registers Reported in Synthesis Report                       ; 100                ; 100                ;
; Clock MUX Protection                                                            ; On                 ; On                 ;
; Auto Gated Clock Conversion                                                     ; Off                ; Off                ;
; Block Design Naming                                                             ; Auto               ; Auto               ;
; SDC constraint protection                                                       ; Off                ; Off                ;
; Synthesis Effort                                                                ; Auto               ; Auto               ;
; Shift Register Replacement - Allow Asynchronous Clear Signal                    ; On                 ; On                 ;
; Pre-Mapping Resynthesis Optimization                                            ; Off                ; Off                ;
; Analysis & Synthesis Message Level                                              ; Medium             ; Medium             ;
; Disable Register Merging Across Hierarchies                                     ; Auto               ; Auto               ;
; Resource Aware Inference For Block RAM                                          ; On                 ; On                 ;
; Automatic Parallel Synthesis                                                    ; On                 ; On                 ;
; Partial Reconfiguration Bitstream ID                                            ; Off                ; Off                ;
+---------------------------------------------------------------------------------+--------------------+--------------------+


+------------------------------------------+
; Parallel Compilation                     ;
+----------------------------+-------------+
; Processors                 ; Number      ;
+----------------------------+-------------+
; Number detected on machine ; 8           ;
; Maximum allowed            ; 4           ;
;                            ;             ;
; Average used               ; 1.00        ;
; Maximum used               ; 4           ;
;                            ;             ;
; Usage by Processor         ; % Time Used ;
;     Processor 1            ; 100.0%      ;
;     Processors 2-4         ;   0.0%      ;
+----------------------------+-------------+


+---------------------------------------------------------------------------------------------------------------------------------------------------+
; Analysis & Synthesis Source Files Read                                                                                                            ;
+----------------------------------+-----------------+------------------------+-----------------------------------------------------------+---------+
; File Name with User-Entered Path ; Used in Netlist ; File Type              ; File Name with Absolute Path                              ; Library ;
+----------------------------------+-----------------+------------------------+-----------------------------------------------------------+---------+
; UART_rs232_rx.v                  ; yes             ; User Verilog HDL File  ; F:/FPGA/18.1 Projects/Bluetooth/UART_rs232_rx.v           ;         ;
; UART_rs232_tx.v                  ; yes             ; User Verilog HDL File  ; F:/FPGA/18.1 Projects/Bluetooth/UART_rs232_tx.v           ;         ;
; UART_baudrate_generator.v        ; yes             ; User Verilog HDL File  ; F:/FPGA/18.1 Projects/Bluetooth/UART_baudrate_generator.v ;         ;
; Top.v                            ; yes             ; User Verilog HDL File  ; F:/FPGA/18.1 Projects/Bluetooth/Top.v                     ;         ;
+----------------------------------+-----------------+------------------------+-----------------------------------------------------------+---------+


+----------------------------------------------------------------------------------------+
; Analysis & Synthesis Resource Usage Summary                                            ;
+---------------------------------------------+------------------------------------------+
; Resource                                    ; Usage                                    ;
+---------------------------------------------+------------------------------------------+
; Estimate of Logic utilization (ALMs needed) ; 33                                       ;
;                                             ;                                          ;
; Combinational ALUT usage for logic          ; 53                                       ;
;     -- 7 input functions                    ; 0                                        ;
;     -- 6 input functions                    ; 9                                        ;
;     -- 5 input functions                    ; 9                                        ;
;     -- 4 input functions                    ; 10                                       ;
;     -- <=3 input functions                  ; 25                                       ;
;                                             ;                                          ;
; Dedicated logic registers                   ; 57                                       ;
;                                             ;                                          ;
; I/O pins                                    ; 12                                       ;
;                                             ;                                          ;
; Total DSP Blocks                            ; 0                                        ;
;                                             ;                                          ;
; Maximum fan-out node                        ; UART_baudrate_generator:I_BAUDGEN|Equal0 ;
; Maximum fan-out                             ; 45                                       ;
; Total fan-out                               ; 379                                      ;
; Average fan-out                             ; 2.83                                     ;
+---------------------------------------------+------------------------------------------+


+-----------------------------------------------------------------------------------------------------------------------------------------------------------------------------------------------------------------------------------+
; Analysis & Synthesis Resource Utilization by Entity                                                                                                                                                                               ;
+----------------------------------------+---------------------+---------------------------+-------------------+------------+------+--------------+----------------------------------------+-------------------------+--------------+
; Compilation Hierarchy Node             ; Combinational ALUTs ; Dedicated Logic Registers ; Block Memory Bits ; DSP Blocks ; Pins ; Virtual Pins ; Full Hierarchy Name                    ; Entity Name             ; Library Name ;
+----------------------------------------+---------------------+---------------------------+-------------------+------------+------+--------------+----------------------------------------+-------------------------+--------------+
; |Top                                   ; 53 (0)              ; 57 (0)                    ; 0                 ; 0          ; 12   ; 0            ; |Top                                   ; Top                     ; work         ;
;    |UART_baudrate_generator:I_BAUDGEN| ; 21 (21)             ; 16 (16)                   ; 0                 ; 0          ; 0    ; 0            ; |Top|UART_baudrate_generator:I_BAUDGEN ; UART_baudrate_generator ; work         ;
;    |UART_rs232_rx:I_RS232RX|           ; 17 (17)             ; 27 (27)                   ; 0                 ; 0          ; 0    ; 0            ; |Top|UART_rs232_rx:I_RS232RX           ; UART_rs232_rx           ; work         ;
;    |UART_rs232_tx:I_RS232TX|           ; 15 (15)             ; 14 (14)                   ; 0                 ; 0          ; 0    ; 0            ; |Top|UART_rs232_tx:I_RS232TX           ; UART_rs232_tx           ; work         ;
+----------------------------------------+---------------------+---------------------------+-------------------+------------+------+--------------+----------------------------------------+-------------------------+--------------+
Note: For table entries with two numbers listed, the numbers in parentheses indicate the number of resources of the given type used by the specific entity alone. The numbers listed outside of parentheses indicate the total resources of the given type used by the specific entity and all of its sub-entities in the hierarchy.


Encoding Type:  One-Hot
+----------------------------------------------------+
; State Machine - |Top|UART_rs232_rx:I_RS232RX|State ;
+------------+---------------------------------------+
; Name       ; State.READ                            ;
+------------+---------------------------------------+
; State.IDLE ; 0                                     ;
; State.READ ; 1                                     ;
+------------+---------------------------------------+


+---------------------------------------------------------------------------------+
; Registers Removed During Synthesis                                              ;
+----------------------------------------+----------------------------------------+
; Register name                          ; Reason for Removal                     ;
+----------------------------------------+----------------------------------------+
; UART_rs232_tx:I_RS232TX|in_data[0..7]  ; Stuck at GND due to stuck port data_in ;
; UART_rs232_rx:I_RS232RX|State~5        ; Lost fanout                            ;
; UART_rs232_tx:I_RS232TX|Bit[3,4]       ; Stuck at GND due to stuck port data_in ;
; UART_rs232_rx:I_RS232RX|Bit[4]         ; Stuck at GND due to stuck port data_in ;
; Total Number of Removed Registers = 12 ;                                        ;
+----------------------------------------+----------------------------------------+


+------------------------------------------------------------------------------------------------------------------------------------------+
; Removed Registers Triggering Further Register Optimizations                                                                              ;
+------------------------------------+---------------------------+-------------------------------------------------------------------------+
; Register name                      ; Reason for Removal        ; Registers Removed due to This Register                                  ;
+------------------------------------+---------------------------+-------------------------------------------------------------------------+
; UART_rs232_tx:I_RS232TX|in_data[7] ; Stuck at GND              ; UART_rs232_tx:I_RS232TX|in_data[6], UART_rs232_tx:I_RS232TX|in_data[5], ;
;                                    ; due to stuck port data_in ; UART_rs232_tx:I_RS232TX|in_data[4], UART_rs232_tx:I_RS232TX|in_data[3], ;
;                                    ;                           ; UART_rs232_tx:I_RS232TX|in_data[2], UART_rs232_tx:I_RS232TX|in_data[1], ;
;                                    ;                           ; UART_rs232_tx:I_RS232TX|in_data[0]                                      ;
+------------------------------------+---------------------------+-------------------------------------------------------------------------+


+------------------------------------------------------+
; General Register Statistics                          ;
+----------------------------------------------+-------+
; Statistic                                    ; Value ;
+----------------------------------------------+-------+
; Total registers                              ; 57    ;
; Number of registers using Synchronous Clear  ; 15    ;
; Number of registers using Synchronous Load   ; 0     ;
; Number of registers using Asynchronous Clear ; 20    ;
; Number of registers using Asynchronous Load  ; 0     ;
; Number of registers using Clock Enable       ; 19    ;
; Number of registers using Preset             ; 0     ;
+----------------------------------------------+-------+


+------------------------------------------------------------+
; Inverted Register Statistics                               ;
+--------------------------------------------------+---------+
; Inverted Register                                ; Fan out ;
+--------------------------------------------------+---------+
; UART_rs232_tx:I_RS232TX|start_bit                ; 4       ;
; UART_baudrate_generator:I_BAUDGEN|baudRateReg[0] ; 2       ;
; UART_rs232_rx:I_RS232RX|start_bit                ; 4       ;
; Total number of inverted registers = 3           ;         ;
+--------------------------------------------------+---------+


+-------------------------------------------------------------------------------------------------------------------------------------------------------+
; Multiplexer Restructuring Statistics (Restructuring Performed)                                                                                        ;
+--------------------+-----------+---------------+----------------------+------------------------+------------+-----------------------------------------+
; Multiplexer Inputs ; Bus Width ; Baseline Area ; Area if Restructured ; Saving if Restructured ; Registered ; Example Multiplexer Output              ;
+--------------------+-----------+---------------+----------------------+------------------------+------------+-----------------------------------------+
; 3:1                ; 5 bits    ; 10 LEs        ; 5 LEs                ; 5 LEs                  ; Yes        ; |Top|UART_rs232_tx:I_RS232TX|Bit[3]     ;
; 3:1                ; 5 bits    ; 10 LEs        ; 5 LEs                ; 5 LEs                  ; Yes        ; |Top|UART_rs232_rx:I_RS232RX|Bit[2]     ;
; 4:1                ; 4 bits    ; 8 LEs         ; 8 LEs                ; 0 LEs                  ; Yes        ; |Top|UART_rs232_tx:I_RS232TX|counter[2] ;
; 4:1                ; 4 bits    ; 8 LEs         ; 8 LEs                ; 0 LEs                  ; Yes        ; |Top|UART_rs232_rx:I_RS232RX|counter[2] ;
+--------------------+-----------+---------------+----------------------+------------------------+------------+-----------------------------------------+


+----------------------------------------------------------------------+
; Parameter Settings for User Entity Instance: UART_rs232_rx:I_RS232RX ;
+----------------+-------+---------------------------------------------+
; Parameter Name ; Value ; Type                                        ;
+----------------+-------+---------------------------------------------+
; IDLE           ; 0     ; Unsigned Binary                             ;
; READ           ; 1     ; Unsigned Binary                             ;
+----------------+-------+---------------------------------------------+
Note: In order to hide this table in the UI and the text report file, please set the "Show Parameter Settings in Synthesis Report" option in "Analysis and Synthesis Settings -> More Settings" to "Off".


+----------------------------------------------------------------------+
; Parameter Settings for User Entity Instance: UART_rs232_tx:I_RS232TX ;
+----------------+-------+---------------------------------------------+
; Parameter Name ; Value ; Type                                        ;
+----------------+-------+---------------------------------------------+
; IDLE           ; 0     ; Unsigned Binary                             ;
; WRITE          ; 1     ; Unsigned Binary                             ;
+----------------+-------+---------------------------------------------+
Note: In order to hide this table in the UI and the text report file, please set the "Show Parameter Settings in Synthesis Report" option in "Analysis and Synthesis Settings -> More Settings" to "Off".


+---------------------------------------------------------------+
; Port Connectivity Checks: "UART_baudrate_generator:I_BAUDGEN" ;
+-----------------+-------+----------+--------------------------+
; Port            ; Type  ; Severity ; Details                  ;
+-----------------+-------+----------+--------------------------+
; Baudrate[15..9] ; Input ; Info     ; Stuck at GND             ;
; Baudrate[5..3]  ; Input ; Info     ; Stuck at GND             ;
; Baudrate[8]     ; Input ; Info     ; Stuck at VCC             ;
; Baudrate[7]     ; Input ; Info     ; Stuck at GND             ;
; Baudrate[6]     ; Input ; Info     ; Stuck at VCC             ;
; Baudrate[2]     ; Input ; Info     ; Stuck at VCC             ;
; Baudrate[1]     ; Input ; Info     ; Stuck at GND             ;
; Baudrate[0]     ; Input ; Info     ; Stuck at VCC             ;
+-----------------+-------+----------+--------------------------+


+------------------------------------------------------------------------------------------------------------------+
; Port Connectivity Checks: "UART_rs232_tx:I_RS232TX"                                                              ;
+--------+--------+----------+-------------------------------------------------------------------------------------+
; Port   ; Type   ; Severity ; Details                                                                             ;
+--------+--------+----------+-------------------------------------------------------------------------------------+
; TxEn   ; Input  ; Info     ; Stuck at VCC                                                                        ;
; TxDone ; Output ; Info     ; Connected to dangling logic. Logic that only feeds a dangling port will be removed. ;
+--------+--------+----------+-------------------------------------------------------------------------------------+


+-----------------------------------------------------------------------------------------------------------------------+
; Port Connectivity Checks: "UART_rs232_rx:I_RS232RX"                                                                   ;
+-------------+--------+----------+-------------------------------------------------------------------------------------+
; Port        ; Type   ; Severity ; Details                                                                             ;
+-------------+--------+----------+-------------------------------------------------------------------------------------+
; RxEn        ; Input  ; Info     ; Stuck at VCC                                                                        ;
; RxDone      ; Output ; Info     ; Connected to dangling logic. Logic that only feeds a dangling port will be removed. ;
; NBits[2..0] ; Input  ; Info     ; Stuck at GND                                                                        ;
; NBits[3]    ; Input  ; Info     ; Stuck at VCC                                                                        ;
+-------------+--------+----------+-------------------------------------------------------------------------------------+


+-----------------------------------------------------+
; Post-Synthesis Netlist Statistics for Top Partition ;
+-----------------------+-----------------------------+
; Type                  ; Count                       ;
+-----------------------+-----------------------------+
; arriav_ff             ; 57                          ;
;     CLR               ; 5                           ;
;     CLR SCLR          ; 15                          ;
;     ENA               ; 19                          ;
;     plain             ; 18                          ;
; arriav_lcell_comb     ; 53                          ;
;     arith             ; 16                          ;
;         1 data inputs ; 16                          ;
;     normal            ; 37                          ;
;         1 data inputs ; 1                           ;
;         2 data inputs ; 4                           ;
;         3 data inputs ; 4                           ;
;         4 data inputs ; 10                          ;
;         5 data inputs ; 9                           ;
;         6 data inputs ; 9                           ;
; boundary_port         ; 12                          ;
;                       ;                             ;
; Max LUT depth         ; 3.00                        ;
; Average LUT depth     ; 1.93                        ;
+-----------------------+-----------------------------+


+-------------------------------+
; Elapsed Time Per Partition    ;
+----------------+--------------+
; Partition Name ; Elapsed Time ;
+----------------+--------------+
; Top            ; 00:00:00     ;
+----------------+--------------+


+-------------------------------+
; Analysis & Synthesis Messages ;
+-------------------------------+
Info: *******************************************************************
Info: Running Quartus Prime Analysis & Synthesis
    Info: Version 18.1.0 Build 625 09/12/2018 SJ Standard Edition
    Info: Processing started: Mon Oct 07 15:41:54 2019
Info: Command: quartus_map --read_settings_files=on --write_settings_files=off bluetooth -c bluetooth
Warning (18236): Number of processors has not been specified which may cause overloading on shared machines.  Set the global assignment NUM_PARALLEL_PROCESSORS in your QSF to an appropriate value for best performance.
Info (20030): Parallel compilation is enabled and will use 4 of the 4 processors detected
Info (12021): Found 1 design units, including 1 entities, in source file uart_rs232_rx.v
    Info (12023): Found entity 1: UART_rs232_rx File: F:/FPGA/18.1 Projects/Bluetooth/UART_rs232_rx.v Line: 1
Info (12021): Found 1 design units, including 1 entities, in source file uart_rs232_tx.v
    Info (12023): Found entity 1: UART_rs232_tx File: F:/FPGA/18.1 Projects/Bluetooth/UART_rs232_tx.v Line: 1
Info (12021): Found 1 design units, including 1 entities, in source file uart_baudrate_generator.v
    Info (12023): Found entity 1: UART_baudrate_generator File: F:/FPGA/18.1 Projects/Bluetooth/UART_baudrate_generator.v Line: 1
Info (12021): Found 1 design units, including 1 entities, in source file top.v
    Info (12023): Found entity 1: Top File: F:/FPGA/18.1 Projects/Bluetooth/Top.v Line: 1
Info (12127): Elaborating entity "Top" for the top level hierarchy
Info (12128): Elaborating entity "UART_rs232_rx" for hierarchy "UART_rs232_rx:I_RS232RX" File: F:/FPGA/18.1 Projects/Bluetooth/Top.v Line: 37
Warning (10230): Verilog HDL assignment warning at UART_rs232_rx.v(69): truncated value with size 32 to match size of target (4) File: F:/FPGA/18.1 Projects/Bluetooth/UART_rs232_rx.v Line: 69
Warning (10230): Verilog HDL assignment warning at UART_rs232_rx.v(79): truncated value with size 32 to match size of target (5) File: F:/FPGA/18.1 Projects/Bluetooth/UART_rs232_rx.v Line: 79
Info (12128): Elaborating entity "UART_rs232_tx" for hierarchy "UART_rs232_tx:I_RS232TX" File: F:/FPGA/18.1 Projects/Bluetooth/Top.v Line: 48
Warning (10230): Verilog HDL assignment warning at UART_rs232_tx.v(81): truncated value with size 32 to match size of target (4) File: F:/FPGA/18.1 Projects/Bluetooth/UART_rs232_tx.v Line: 81
Warning (10230): Verilog HDL assignment warning at UART_rs232_tx.v(99): truncated value with size 32 to match size of target (5) File: F:/FPGA/18.1 Projects/Bluetooth/UART_rs232_tx.v Line: 99
Info (12128): Elaborating entity "UART_baudrate_generator" for hierarchy "UART_baudrate_generator:I_BAUDGEN" File: F:/FPGA/18.1 Projects/Bluetooth/Top.v Line: 55
Info (286030): Timing-Driven Synthesis is running
Info (17049): 1 registers lost all their fanouts during netlist optimizations.
Info (16010): Generating hard_block partition "hard_block:auto_generated_inst"
    Info (16011): Adding 0 node(s), including 0 DDIO, 0 PLL, 0 transceiver and 0 LCELL
Info (21057): Implemented 84 device resources after synthesis - the final resource count might be different
    Info (21058): Implemented 3 input pins
    Info (21059): Implemented 9 output pins
    Info (21061): Implemented 72 logic cells
Info: Quartus Prime Analysis & Synthesis was successful. 0 errors, 5 warnings
    Info: Peak virtual memory: 4852 megabytes
    Info: Processing ended: Mon Oct 07 15:42:18 2019
    Info: Elapsed time: 00:00:24
    Info: Total CPU time (on all processors): 00:00:52


